PGN Game Transformer for Lichess game strings V1.4...
Moves: 1e4e52Nf3Nf63Nxe5Nc64Nxc6dxc65Nc3Bc56d3O-O7Bg5Nxe48Bxd8Bxf2+9Ke2Bg4#
Processing...
1. e4 e5
2. Nf3 Nf6
3. Nxe5 Nc6
4. Nxc6 dxc6
5. Nc3 Bc5
6. d3 O-O
7. Bg5 Nxe4
8. Bxd8 Bxf2+
9. Ke2 Bg4#

PGN Game Transformer for Lichess game strings V1.4 Complete
